npm warn exec The following package was not found and will be installed: serve@14.2.6
 INFO  Accepting connections at http://localhost:3000
 HTTP  8/19/2026 4:05:13 PM ::1 GET /
 HTTP  8/19/2026 4:05:13 PM ::1 Returned 200 in 360 ms
 HTTP  8/19/2026 4:05:14 PM ::1 GET /style.css
 HTTP  8/19/2026 4:05:14 PM ::1 GET /script.js
 HTTP  8/19/2026 4:05:14 PM ::1 Returned 200 in 5 ms
 HTTP  8/19/2026 4:05:14 PM ::1 Returned 200 in 6 ms
 HTTP  8/19/2026 4:05:17 PM ::1 GET /
 HTTP  8/19/2026 4:05:17 PM ::1 Returned 304 in 2 ms
 HTTP  8/19/2026 4:05:17 PM ::1 GET /style.css
 HTTP  8/19/2026 4:05:17 PM ::1 GET /script.js
 HTTP  8/19/2026 4:05:17 PM ::1 Returned 304 in 3 ms
 HTTP  8/19/2026 4:05:17 PM ::1 Returned 304 in 3 ms
 HTTP  8/19/2026 4:07:29 PM ::1 GET /
 HTTP  8/19/2026 4:07:29 PM ::1 Returned 200 in 2 ms
 HTTP  8/19/2026 4:07:29 PM ::1 GET /style.css
 HTTP  8/19/2026 4:07:29 PM ::1 GET /script.js
 HTTP  8/19/2026 4:07:29 PM ::1 Returned 200 in 5 ms
 HTTP  8/19/2026 4:07:29 PM ::1 Returned 200 in 5 ms
 HTTP  8/19/2026 4:10:18 PM ::1 GET /
 HTTP  8/19/2026 4:10:18 PM ::1 Returned 200 in 2 ms
 HTTP  8/19/2026 4:10:18 PM ::1 GET /style.css
 HTTP  8/19/2026 4:10:18 PM ::1 GET /script.js
 HTTP  8/19/2026 4:10:18 PM ::1 Returned 200 in 3 ms
 HTTP  8/19/2026 4:10:18 PM ::1 Returned 200 in 3 ms
 HTTP  8/19/2026 4:10:24 PM ::1 GET /
 HTTP  8/19/2026 4:10:24 PM ::1 Returned 304 in 1 ms
 HTTP  8/19/2026 4:10:24 PM ::1 GET /style.css
 HTTP  8/19/2026 4:10:24 PM ::1 GET /script.js
 HTTP  8/19/2026 4:10:24 PM ::1 Returned 304 in 1 ms
 HTTP  8/19/2026 4:10:24 PM ::1 Returned 304 in 1 ms
